
> saqui_ashley_ui_garden@0.1.0 test
> react-scripts test --watchAll=false --verbose

FAIL src/components/Button/Button.test.tsx
  × Button is visible (45 ms)
  × Button is disabled (5 ms)
  × Button is visible (4 ms)
  × Button background color changes when disabled (5 ms)

  ● Button is visible

    Element type is invalid: expected a string (for built-in components) or a class/function (for composite components) but got: undefined. You likely forgot to export your component from the file it's defined in, or you might have mixed up default and named imports.

    [0m [90m  7 |[39m [90m// visible test[39m
     [90m  8 |[39m test([32m'Button is visible'[39m[33m,[39m () [33m=>[39m {
    [31m[1m>[22m[39m[90m  9 |[39m   render([33m<[39m[33mButton[39m text[33m=[39m[32m"Test Button"[39m [33m/[39m[33m>[39m)[33m;[39m
     [90m    |[39m         [31m[1m^[22m[39m
     [90m 10 |[39m   expect(screen[33m.[39mgetByText([32m'Test Button'[39m))[33m.[39mtoBeInTheDocument()[33m;[39m
     [90m 11 |[39m })[33m;[39m
     [90m 12 |[39m[0m

      at createFiberFromTypeAndProps (node_modules/react-dom/cjs/react-dom-client.development.js:5021:28)
      at createFiberFromElement (node_modules/react-dom/cjs/react-dom-client.development.js:5035:14)
      at reconcileChildFibersImpl (node_modules/react-dom/cjs/react-dom-client.development.js:6920:31)
      at node_modules/react-dom/cjs/react-dom-client.development.js:7098:33
      at reconcileChildren (node_modules/react-dom/cjs/react-dom-client.development.js:9702:13)
      at beginWork (node_modules/react-dom/cjs/react-dom-client.development.js:11899:15)
      at runWithFiberInDEV (node_modules/react-dom/cjs/react-dom-client.development.js:874:13)
      at performUnitOfWork (node_modules/react-dom/cjs/react-dom-client.development.js:17641:22)
      at workLoopSync (node_modules/react-dom/cjs/react-dom-client.development.js:17469:41)
      at renderRootSync (node_modules/react-dom/cjs/react-dom-client.development.js:17450:11)
      at performWorkOnRoot (node_modules/react-dom/cjs/react-dom-client.development.js:16583:35)
      at performWorkOnRootViaSchedulerTask (node_modules/react-dom/cjs/react-dom-client.development.js:18957:7)
      at flushActQueue (node_modules/react/cjs/react.development.js:590:34)
      at Object.<anonymous>.process.env.NODE_ENV.exports.act (node_modules/react/cjs/react.development.js:884:10)
      at node_modules/@testing-library/react/dist/act-compat.js:47:25
      at renderRoot (node_modules/@testing-library/react/dist/pure.js:190:26)
      at render (node_modules/@testing-library/react/dist/pure.js:292:10)
      at Object.<anonymous> (src/components/Button/Button.tsx:9:9)

  ● Button is disabled

    Element type is invalid: expected a string (for built-in components) or a class/function (for composite components) but got: undefined. You likely forgot to export your component from the file it's defined in, or you might have mixed up default and named imports.

    [0m [90m 13 |[39m [90m// disabled test[39m
     [90m 14 |[39m test([32m'Button is disabled'[39m[33m,[39m () [33m=>[39m {
    [31m[1m>[22m[39m[90m 15 |[39m   render([33m<[39m[33mButton[39m text[33m=[39m[32m"Disabled Button"[39m disabled [33m/[39m[33m>[39m)[33m;[39m
     [90m    |[39m         [31m[1m^[22m[39m
     [90m 16 |[39m   [36mconst[39m button [33m=[39m screen[33m.[39mgetByText([32m'Disabled Button'[39m)[33m;[39m
     [90m 17 |[39m   expect(button)[33m.[39mtoBeDisabled()[33m;[39m
     [90m 18 |[39m })[33m;[39m[0m

      at createFiberFromTypeAndProps (node_modules/react-dom/cjs/react-dom-client.development.js:5021:28)
      at createFiberFromElement (node_modules/react-dom/cjs/react-dom-client.development.js:5035:14)
      at reconcileChildFibersImpl (node_modules/react-dom/cjs/react-dom-client.development.js:6920:31)
      at node_modules/react-dom/cjs/react-dom-client.development.js:7098:33
      at reconcileChildren (node_modules/react-dom/cjs/react-dom-client.development.js:9702:13)
      at beginWork (node_modules/react-dom/cjs/react-dom-client.development.js:11899:15)
      at runWithFiberInDEV (node_modules/react-dom/cjs/react-dom-client.development.js:874:13)
      at performUnitOfWork (node_modules/react-dom/cjs/react-dom-client.development.js:17641:22)
      at workLoopSync (node_modules/react-dom/cjs/react-dom-client.development.js:17469:41)
      at renderRootSync (node_modules/react-dom/cjs/react-dom-client.development.js:17450:11)
      at performWorkOnRoot (node_modules/react-dom/cjs/react-dom-client.development.js:16583:35)
      at performWorkOnRootViaSchedulerTask (node_modules/react-dom/cjs/react-dom-client.development.js:18957:7)
      at flushActQueue (node_modules/react/cjs/react.development.js:590:34)
      at Object.<anonymous>.process.env.NODE_ENV.exports.act (node_modules/react/cjs/react.development.js:884:10)
      at node_modules/@testing-library/react/dist/act-compat.js:47:25
      at renderRoot (node_modules/@testing-library/react/dist/pure.js:190:26)
      at render (node_modules/@testing-library/react/dist/pure.js:292:10)
      at Object.<anonymous> (src/components/Button/Button.tsx:15:9)

  ● Button is visible

    Element type is invalid: expected a string (for built-in components) or a class/function (for composite components) but got: undefined. You likely forgot to export your component from the file it's defined in, or you might have mixed up default and named imports.

    [0m [90m  7 |[39m [90m// visible test[39m
     [90m  8 |[39m test([32m'Button is visible'[39m[33m,[39m () [33m=>[39m {
    [31m[1m>[22m[39m[90m  9 |[39m   render([33m<[39m[33mButton[39m text[33m=[39m[32m"Test Button"[39m [33m/[39m[33m>[39m)[33m;[39m
     [90m    |[39m         [31m[1m^[22m[39m
     [90m 10 |[39m   expect(screen[33m.[39mgetByText([32m'Test Button'[39m))[33m.[39mtoBeInTheDocument()[33m;[39m
     [90m 11 |[39m })[33m;[39m
     [90m 12 |[39m[0m

      at createFiberFromTypeAndProps (node_modules/react-dom/cjs/react-dom-client.development.js:5021:28)
      at createFiberFromElement (node_modules/react-dom/cjs/react-dom-client.development.js:5035:14)
      at reconcileChildFibersImpl (node_modules/react-dom/cjs/react-dom-client.development.js:6920:31)
      at node_modules/react-dom/cjs/react-dom-client.development.js:7098:33
      at reconcileChildren (node_modules/react-dom/cjs/react-dom-client.development.js:9702:13)
      at beginWork (node_modules/react-dom/cjs/react-dom-client.development.js:11899:15)
      at runWithFiberInDEV (node_modules/react-dom/cjs/react-dom-client.development.js:874:13)
      at performUnitOfWork (node_modules/react-dom/cjs/react-dom-client.development.js:17641:22)
      at workLoopSync (node_modules/react-dom/cjs/react-dom-client.development.js:17469:41)
      at renderRootSync (node_modules/react-dom/cjs/react-dom-client.development.js:17450:11)
      at performWorkOnRoot (node_modules/react-dom/cjs/react-dom-client.development.js:16583:35)
      at performWorkOnRootViaSchedulerTask (node_modules/react-dom/cjs/react-dom-client.development.js:18957:7)
      at flushActQueue (node_modules/react/cjs/react.development.js:590:34)
      at Object.<anonymous>.process.env.NODE_ENV.exports.act (node_modules/react/cjs/react.development.js:884:10)
      at node_modules/@testing-library/react/dist/act-compat.js:47:25
      at renderRoot (node_modules/@testing-library/react/dist/pure.js:190:26)
      at render (node_modules/@testing-library/react/dist/pure.js:292:10)
      at Object.<anonymous> (src/components/Button/Button.test.tsx:9:9)

  ● Button background color changes when disabled

    Element type is invalid: expected a string (for built-in components) or a class/function (for composite components) but got: undefined. You likely forgot to export your component from the file it's defined in, or you might have mixed up default and named imports.

    [0m [90m 13 |[39m [90m// disabled test[39m
     [90m 14 |[39m test([32m'Button background color changes when disabled'[39m[33m,[39m () [33m=>[39m {
    [31m[1m>[22m[39m[90m 15 |[39m   render([33m<[39m[33mButton[39m text[33m=[39m[32m"Disabled Button"[39m disabled [33m/[39m[33m>[39m)[33m;[39m
     [90m    |[39m         [31m[1m^[22m[39m
     [90m 16 |[39m   expect(screen[33m.[39mgetByText([32m'Disabled Button'[39m))[33m.[39mtoHaveStyle([32m'background-color: grey'[39m)[33m;[39m
     [90m 17 |[39m })[33m;[39m[0m

      at createFiberFromTypeAndProps (node_modules/react-dom/cjs/react-dom-client.development.js:5021:28)
      at createFiberFromElement (node_modules/react-dom/cjs/react-dom-client.development.js:5035:14)
      at reconcileChildFibersImpl (node_modules/react-dom/cjs/react-dom-client.development.js:6920:31)
      at node_modules/react-dom/cjs/react-dom-client.development.js:7098:33
      at reconcileChildren (node_modules/react-dom/cjs/react-dom-client.development.js:9702:13)
      at beginWork (node_modules/react-dom/cjs/react-dom-client.development.js:11899:15)
      at runWithFiberInDEV (node_modules/react-dom/cjs/react-dom-client.development.js:874:13)
      at performUnitOfWork (node_modules/react-dom/cjs/react-dom-client.development.js:17641:22)
      at workLoopSync (node_modules/react-dom/cjs/react-dom-client.development.js:17469:41)
      at renderRootSync (node_modules/react-dom/cjs/react-dom-client.development.js:17450:11)
      at performWorkOnRoot (node_modules/react-dom/cjs/react-dom-client.development.js:16583:35)
      at performWorkOnRootViaSchedulerTask (node_modules/react-dom/cjs/react-dom-client.development.js:18957:7)
      at flushActQueue (node_modules/react/cjs/react.development.js:590:34)
      at Object.<anonymous>.process.env.NODE_ENV.exports.act (node_modules/react/cjs/react.development.js:884:10)
      at node_modules/@testing-library/react/dist/act-compat.js:47:25
      at renderRoot (node_modules/@testing-library/react/dist/pure.js:190:26)
      at render (node_modules/@testing-library/react/dist/pure.js:292:10)
      at Object.<anonymous> (src/components/Button/Button.test.tsx:15:9)

  console.error
    In HTML, <tr> cannot be a child of <div>.
    This will cause a hydration error.

    [0m [90m 3 |[39m
     [90m 4 |[39m test([32m'renders TableHeader'[39m[33m,[39m () [33m=>[39m {
    [31m[1m>[22m[39m[90m 5 |[39m   render([33m<[39m[33mTableHeader[39m headers[33m=[39m{[{ text[33m:[39m [32m'Name'[39m }[33m,[39m { text[33m:[39m [32m'Age'[39m }]} [33m/[39m[33m>[39m)[33m;[39m
     [90m   |[39m         [31m[1m^[22m[39m
     [90m 6 |[39m   expect(screen[33m.[39mgetByText([32m'Name'[39m))[33m.[39mtoBeInTheDocument()[33m;[39m
     [90m 7 |[39m   expect(screen[33m.[39mgetByText([32m'Age'[39m))[33m.[39mtoBeInTheDocument()[33m;[39m
     [90m 8 |[39m })[33m;[39m[0m

      at validateDOMNesting (node_modules/react-dom/cjs/react-dom-client.development.js:2598:19)
      at completeWork (node_modules/react-dom/cjs/react-dom-client.development.js:12556:15)
      at runWithFiberInDEV (node_modules/react-dom/cjs/react-dom-client.development.js:874:13)
      at completeUnitOfWork (node_modules/react-dom/cjs/react-dom-client.development.js:17777:19)
      at performUnitOfWork (node_modules/react-dom/cjs/react-dom-client.development.js:17658:11)
      at workLoopSync (node_modules/react-dom/cjs/react-dom-client.development.js:17469:41)
      at renderRootSync (node_modules/react-dom/cjs/react-dom-client.development.js:17450:11)
      at performWorkOnRoot (node_modules/react-dom/cjs/react-dom-client.development.js:16504:11)
      at performWorkOnRootViaSchedulerTask (node_modules/react-dom/cjs/react-dom-client.development.js:18957:7)
      at flushActQueue (node_modules/react/cjs/react.development.js:590:34)
      at Object.<anonymous>.process.env.NODE_ENV.exports.act (node_modules/react/cjs/react.development.js:884:10)
      at node_modules/@testing-library/react/dist/act-compat.js:47:25
      at renderRoot (node_modules/@testing-library/react/dist/pure.js:190:26)
      at render (node_modules/@testing-library/react/dist/pure.js:292:10)
      at Object.<anonymous> (src/components/Table/TableHeader/TableHeader.test.tsx:5:9)

PASS src/components/Img/Img.test.tsx
  √ renders Img component (85 ms)
  √ Img is semi-transparent when disabled (87 ms)

PASS src/components/Text/Text.test.tsx
  √ renders Text component (96 ms)
  √ Text is greyed out when disabled (82 ms)

PASS src/components/Table/TableHeader/TableHeader.test.tsx
  √ renders TableHeader (220 ms)

PASS src/components/Label/Label.test.tsx
  √ renders Label component (85 ms)
  √ Label is greyed out when disabled (95 ms)

PASS src/components/Dropdown/Dropdown.test.tsx
  √ renders Dropdown component (180 ms)
  √ Dropdown is greyed out when disabled (49 ms)
  √ calls onChange when selecting option (37 ms)

PASS src/components/RadioButton/RadioButton.test.tsx
  √ renders RadioButton component (114 ms)
  √ RadioButton is greyed out when disabled (18 ms)
  √ calls onChange when clicked (24 ms)

PASS src/components/Table/Table.test.tsx
  √ renders Table component (121 ms)

PASS src/components/HeroImg/HeroImg.test.tsx
  √ renders HeroImg component (84 ms)
  √ HeroImg is semi-transparent when disabled (95 ms)

  console.error
    React does not recognize the `backgroundColor` prop on a DOM element. If you intentionally want it to appear in the DOM as a custom attribute, spell it as lowercase `backgroundcolor` instead. If you accidentally passed it from a parent component, remove it from the DOM element.

    [0m [90m  9 |[39m
     [90m 10 |[39m test([32m'Card background changes when prop is set'[39m[33m,[39m () [33m=>[39m {
    [31m[1m>[22m[39m[90m 11 |[39m   render([33m<[39m[33mCard[39m title[33m=[39m[32m"Test"[39m description[33m=[39m[32m"Desc"[39m backgroundColor[33m=[39m[32m"red"[39m [33m/[39m[33m>[39m)[33m;[39m
     [90m    |[39m         [31m[1m^[22m[39m
     [90m 12 |[39m   [36mconst[39m card [33m=[39m screen[33m.[39mgetByText([32m'Test'[39m)[33m.[39mparentElement[33m;[39m
     [90m 13 |[39m   expect(card)[33m.[39mtoHaveStyle([32m'background-color: red'[39m)[33m;[39m
     [90m 14 |[39m })[33m;[39m[0m

      at validateProperty (node_modules/react-dom/cjs/react-dom-client.development.js:3001:19)
      at warnUnknownProperties (node_modules/react-dom/cjs/react-dom-client.development.js:3146:9)
      at validatePropertiesInDevelopment (node_modules/react-dom/cjs/react-dom-client.development.js:19868:9)
      at setInitialProperties (node_modules/react-dom/cjs/react-dom-client.development.js:20491:7)
      at completeWork (node_modules/react-dom/cjs/react-dom-client.development.js:12662:18)
      at runWithFiberInDEV (node_modules/react-dom/cjs/react-dom-client.development.js:874:13)
      at completeUnitOfWork (node_modules/react-dom/cjs/react-dom-client.development.js:17777:19)
      at performUnitOfWork (node_modules/react-dom/cjs/react-dom-client.development.js:17658:11)
      at workLoopSync (node_modules/react-dom/cjs/react-dom-client.development.js:17469:41)
      at renderRootSync (node_modules/react-dom/cjs/react-dom-client.development.js:17450:11)
      at performWorkOnRoot (node_modules/react-dom/cjs/react-dom-client.development.js:16504:11)
      at performWorkOnRootViaSchedulerTask (node_modules/react-dom/cjs/react-dom-client.development.js:18957:7)
      at flushActQueue (node_modules/react/cjs/react.development.js:590:34)
      at Object.<anonymous>.process.env.NODE_ENV.exports.act (node_modules/react/cjs/react.development.js:884:10)
      at node_modules/@testing-library/react/dist/act-compat.js:47:25
      at renderRoot (node_modules/@testing-library/react/dist/pure.js:190:26)
      at render (node_modules/@testing-library/react/dist/pure.js:292:10)
      at Object.<anonymous> (src/components/Card/Card.test.tsx:11:9)

FAIL src/App.test.tsx
  × Button is visible (57 ms)
  × Button is disabled (6 ms)
  × renders learn react link (24 ms)

  ● Button is visible

    Element type is invalid: expected a string (for built-in components) or a class/function (for composite components) but got: undefined. You likely forgot to export your component from the file it's defined in, or you might have mixed up default and named imports.

    [0m [90m  7 |[39m [90m// visible test[39m
     [90m  8 |[39m test([32m'Button is visible'[39m[33m,[39m () [33m=>[39m {
    [31m[1m>[22m[39m[90m  9 |[39m   render([33m<[39m[33mButton[39m text[33m=[39m[32m"Test Button"[39m [33m/[39m[33m>[39m)[33m;[39m
     [90m    |[39m         [31m[1m^[22m[39m
     [90m 10 |[39m   expect(screen[33m.[39mgetByText([32m'Test Button'[39m))[33m.[39mtoBeInTheDocument()[33m;[39m
     [90m 11 |[39m })[33m;[39m
     [90m 12 |[39m[0m

      at createFiberFromTypeAndProps (node_modules/react-dom/cjs/react-dom-client.development.js:5021:28)
      at createFiberFromElement (node_modules/react-dom/cjs/react-dom-client.development.js:5035:14)
      at reconcileChildFibersImpl (node_modules/react-dom/cjs/react-dom-client.development.js:6920:31)
      at node_modules/react-dom/cjs/react-dom-client.development.js:7098:33
      at reconcileChildren (node_modules/react-dom/cjs/react-dom-client.development.js:9702:13)
      at beginWork (node_modules/react-dom/cjs/react-dom-client.development.js:11899:15)
      at runWithFiberInDEV (node_modules/react-dom/cjs/react-dom-client.development.js:874:13)
      at performUnitOfWork (node_modules/react-dom/cjs/react-dom-client.development.js:17641:22)
      at workLoopSync (node_modules/react-dom/cjs/react-dom-client.development.js:17469:41)
      at renderRootSync (node_modules/react-dom/cjs/react-dom-client.development.js:17450:11)
      at performWorkOnRoot (node_modules/react-dom/cjs/react-dom-client.development.js:16583:35)
      at performWorkOnRootViaSchedulerTask (node_modules/react-dom/cjs/react-dom-client.development.js:18957:7)
      at flushActQueue (node_modules/react/cjs/react.development.js:590:34)
      at Object.<anonymous>.process.env.NODE_ENV.exports.act (node_modules/react/cjs/react.development.js:884:10)
      at node_modules/@testing-library/react/dist/act-compat.js:47:25
      at renderRoot (node_modules/@testing-library/react/dist/pure.js:190:26)
      at render (node_modules/@testing-library/react/dist/pure.js:292:10)
      at Object.<anonymous> (src/components/Button/Button.tsx:9:9)

  ● Button is disabled

    Element type is invalid: expected a string (for built-in components) or a class/function (for composite components) but got: undefined. You likely forgot to export your component from the file it's defined in, or you might have mixed up default and named imports.

    [0m [90m 13 |[39m [90m// disabled test[39m
     [90m 14 |[39m test([32m'Button is disabled'[39m[33m,[39m () [33m=>[39m {
    [31m[1m>[22m[39m[90m 15 |[39m   render([33m<[39m[33mButton[39m text[33m=[39m[32m"Disabled Button"[39m disabled [33m/[39m[33m>[39m)[33m;[39m
     [90m    |[39m         [31m[1m^[22m[39m
     [90m 16 |[39m   [36mconst[39m button [33m=[39m screen[33m.[39mgetByText([32m'Disabled Button'[39m)[33m;[39m
     [90m 17 |[39m   expect(button)[33m.[39mtoBeDisabled()[33m;[39m
     [90m 18 |[39m })[33m;[39m[0m

      at createFiberFromTypeAndProps (node_modules/react-dom/cjs/react-dom-client.development.js:5021:28)
      at createFiberFromElement (node_modules/react-dom/cjs/react-dom-client.development.js:5035:14)
      at reconcileChildFibersImpl (node_modules/react-dom/cjs/react-dom-client.development.js:6920:31)
      at node_modules/react-dom/cjs/react-dom-client.development.js:7098:33
      at reconcileChildren (node_modules/react-dom/cjs/react-dom-client.development.js:9702:13)
      at beginWork (node_modules/react-dom/cjs/react-dom-client.development.js:11899:15)
      at runWithFiberInDEV (node_modules/react-dom/cjs/react-dom-client.development.js:874:13)
      at performUnitOfWork (node_modules/react-dom/cjs/react-dom-client.development.js:17641:22)
      at workLoopSync (node_modules/react-dom/cjs/react-dom-client.development.js:17469:41)
      at renderRootSync (node_modules/react-dom/cjs/react-dom-client.development.js:17450:11)
      at performWorkOnRoot (node_modules/react-dom/cjs/react-dom-client.development.js:16583:35)
      at performWorkOnRootViaSchedulerTask (node_modules/react-dom/cjs/react-dom-client.development.js:18957:7)
      at flushActQueue (node_modules/react/cjs/react.development.js:590:34)
      at Object.<anonymous>.process.env.NODE_ENV.exports.act (node_modules/react/cjs/react.development.js:884:10)
      at node_modules/@testing-library/react/dist/act-compat.js:47:25
      at renderRoot (node_modules/@testing-library/react/dist/pure.js:190:26)
      at render (node_modules/@testing-library/react/dist/pure.js:292:10)
      at Object.<anonymous> (src/components/Button/Button.tsx:15:9)

  ● renders learn react link

    Element type is invalid: expected a string (for built-in components) or a class/function (for composite components) but got: undefined. You likely forgot to export your component from the file it's defined in, or you might have mixed up default and named imports.

    Check the render method of `App`.

    [0m [90m 4 |[39m
     [90m 5 |[39m test([32m'renders learn react link'[39m[33m,[39m () [33m=>[39m {
    [31m[1m>[22m[39m[90m 6 |[39m   render([33m<[39m[33mApp[39m [33m/[39m[33m>[39m)[33m;[39m
     [90m   |[39m         [31m[1m^[22m[39m
     [90m 7 |[39m   [36mconst[39m linkElement [33m=[39m screen[33m.[39mgetByText([35m/learn react/i[39m)[33m;[39m
     [90m 8 |[39m   expect(linkElement)[33m.[39mtoBeInTheDocument()[33m;[39m
     [90m 9 |[39m })[33m;[39m[0m

      at createFiberFromTypeAndProps (node_modules/react-dom/cjs/react-dom-client.development.js:5021:28)
      at createFiberFromElement (node_modules/react-dom/cjs/react-dom-client.development.js:5035:14)
      at createChild (node_modules/react-dom/cjs/react-dom-client.development.js:6338:26)
      at reconcileChildrenArray (node_modules/react-dom/cjs/react-dom-client.development.js:6670:25)
      at reconcileChildFibersImpl (node_modules/react-dom/cjs/react-dom-client.development.js:6993:30)
      at node_modules/react-dom/cjs/react-dom-client.development.js:7098:33
      at reconcileChildren (node_modules/react-dom/cjs/react-dom-client.development.js:9701:13)
      at beginWork (node_modules/react-dom/cjs/react-dom-client.development.js:12049:13)
      at runWithFiberInDEV (node_modules/react-dom/cjs/react-dom-client.development.js:874:13)
      at performUnitOfWork (node_modules/react-dom/cjs/react-dom-client.development.js:17641:22)
      at workLoopSync (node_modules/react-dom/cjs/react-dom-client.development.js:17469:41)
      at renderRootSync (node_modules/react-dom/cjs/react-dom-client.development.js:17450:11)
      at performWorkOnRoot (node_modules/react-dom/cjs/react-dom-client.development.js:16583:35)
      at performWorkOnRootViaSchedulerTask (node_modules/react-dom/cjs/react-dom-client.development.js:18957:7)
      at flushActQueue (node_modules/react/cjs/react.development.js:590:34)
      at Object.<anonymous>.process.env.NODE_ENV.exports.act (node_modules/react/cjs/react.development.js:884:10)
      at node_modules/@testing-library/react/dist/act-compat.js:47:25
      at renderRoot (node_modules/@testing-library/react/dist/pure.js:190:26)
      at render (node_modules/@testing-library/react/dist/pure.js:292:10)
      at Object.<anonymous> (src/App.test.tsx:6:9)

PASS src/components/Card/Card.test.tsx
  √ renders Card component (95 ms)
  √ Card background changes when prop is set (205 ms)

  console.error
    In HTML, <tr> cannot be a child of <div>.
    This will cause a hydration error.

    [0m [90m 3 |[39m
     [90m 4 |[39m test([32m'renders TableFooter'[39m[33m,[39m () [33m=>[39m {
    [31m[1m>[22m[39m[90m 5 |[39m   render([33m<[39m[33mTableFooter[39m footer[33m=[39m{{ text[33m:[39m [32m'Footer Text'[39m }} [33m/[39m[33m>[39m)[33m;[39m
     [90m   |[39m         [31m[1m^[22m[39m
     [90m 6 |[39m   expect(screen[33m.[39mgetByText([32m'Footer Text'[39m))[33m.[39mtoBeInTheDocument()[33m;[39m
     [90m 7 |[39m })[33m;[39m[0m

      at validateDOMNesting (node_modules/react-dom/cjs/react-dom-client.development.js:2598:19)
      at completeWork (node_modules/react-dom/cjs/react-dom-client.development.js:12556:15)
      at runWithFiberInDEV (node_modules/react-dom/cjs/react-dom-client.development.js:874:13)
      at completeUnitOfWork (node_modules/react-dom/cjs/react-dom-client.development.js:17777:19)
      at performUnitOfWork (node_modules/react-dom/cjs/react-dom-client.development.js:17658:11)
      at workLoopSync (node_modules/react-dom/cjs/react-dom-client.development.js:17469:41)
      at renderRootSync (node_modules/react-dom/cjs/react-dom-client.development.js:17450:11)
      at performWorkOnRoot (node_modules/react-dom/cjs/react-dom-client.development.js:16504:11)
      at performWorkOnRootViaSchedulerTask (node_modules/react-dom/cjs/react-dom-client.development.js:18957:7)
      at flushActQueue (node_modules/react/cjs/react.development.js:590:34)
      at Object.<anonymous>.process.env.NODE_ENV.exports.act (node_modules/react/cjs/react.development.js:884:10)
      at node_modules/@testing-library/react/dist/act-compat.js:47:25
      at renderRoot (node_modules/@testing-library/react/dist/pure.js:190:26)
      at render (node_modules/@testing-library/react/dist/pure.js:292:10)
      at Object.<anonymous> (src/components/Table/TableFooter/TableFooter.test.tsx:5:9)

PASS src/components/Table/TableFooter/TableFooter.test.tsx
  √ renders TableFooter (85 ms)

  console.error
    In HTML, <td> cannot be a child of <div>.
    This will cause a hydration error.

    [0m [90m 3 |[39m
     [90m 4 |[39m test([32m'renders TableCell'[39m[33m,[39m () [33m=>[39m {
    [31m[1m>[22m[39m[90m 5 |[39m   render([33m<[39m[33mTableCell[39m text[33m=[39m[32m"Cell Text"[39m [33m/[39m[33m>[39m)[33m;[39m
     [90m   |[39m         [31m[1m^[22m[39m
     [90m 6 |[39m   expect(screen[33m.[39mgetByText([32m'Cell Text'[39m))[33m.[39mtoBeInTheDocument()[33m;[39m
     [90m 7 |[39m })[33m;[39m[0m

      at validateDOMNesting (node_modules/react-dom/cjs/react-dom-client.development.js:2598:19)
      at completeWork (node_modules/react-dom/cjs/react-dom-client.development.js:12556:15)
      at runWithFiberInDEV (node_modules/react-dom/cjs/react-dom-client.development.js:874:13)
      at completeUnitOfWork (node_modules/react-dom/cjs/react-dom-client.development.js:17777:19)
      at performUnitOfWork (node_modules/react-dom/cjs/react-dom-client.development.js:17658:11)
      at workLoopSync (node_modules/react-dom/cjs/react-dom-client.development.js:17469:41)
      at renderRootSync (node_modules/react-dom/cjs/react-dom-client.development.js:17450:11)
      at performWorkOnRoot (node_modules/react-dom/cjs/react-dom-client.development.js:16504:11)
      at performWorkOnRootViaSchedulerTask (node_modules/react-dom/cjs/react-dom-client.development.js:18957:7)
      at flushActQueue (node_modules/react/cjs/react.development.js:590:34)
      at Object.<anonymous>.process.env.NODE_ENV.exports.act (node_modules/react/cjs/react.development.js:884:10)
      at node_modules/@testing-library/react/dist/act-compat.js:47:25
      at renderRoot (node_modules/@testing-library/react/dist/pure.js:190:26)
      at render (node_modules/@testing-library/react/dist/pure.js:292:10)
      at Object.<anonymous> (src/components/Table/TableCell/TableCell.test.tsx:5:9)

  console.error
    In HTML, <tr> cannot be a child of <div>.
    This will cause a hydration error.

    [0m [90m 3 |[39m
     [90m 4 |[39m test([32m'renders TableRow'[39m[33m,[39m () [33m=>[39m {
    [31m[1m>[22m[39m[90m 5 |[39m   render([33m<[39m[33mTableRow[39m cells[33m=[39m{[{ text[33m:[39m [32m'Ashley'[39m }[33m,[39m { text[33m:[39m [32m'25'[39m }]} [33m/[39m[33m>[39m)[33m;[39m
     [90m   |[39m         [31m[1m^[22m[39m
     [90m 6 |[39m   expect(screen[33m.[39mgetByText([32m'Ashley'[39m))[33m.[39mtoBeInTheDocument()[33m;[39m
     [90m 7 |[39m   expect(screen[33m.[39mgetByText([32m'25'[39m))[33m.[39mtoBeInTheDocument()[33m;[39m
     [90m 8 |[39m })[33m;[39m[0m

      at validateDOMNesting (node_modules/react-dom/cjs/react-dom-client.development.js:2598:19)
      at completeWork (node_modules/react-dom/cjs/react-dom-client.development.js:12556:15)
      at runWithFiberInDEV (node_modules/react-dom/cjs/react-dom-client.development.js:874:13)
      at completeUnitOfWork (node_modules/react-dom/cjs/react-dom-client.development.js:17777:19)
      at performUnitOfWork (node_modules/react-dom/cjs/react-dom-client.development.js:17658:11)
      at workLoopSync (node_modules/react-dom/cjs/react-dom-client.development.js:17469:41)
      at renderRootSync (node_modules/react-dom/cjs/react-dom-client.development.js:17450:11)
      at performWorkOnRoot (node_modules/react-dom/cjs/react-dom-client.development.js:16504:11)
      at performWorkOnRootViaSchedulerTask (node_modules/react-dom/cjs/react-dom-client.development.js:18957:7)
      at flushActQueue (node_modules/react/cjs/react.development.js:590:34)
      at Object.<anonymous>.process.env.NODE_ENV.exports.act (node_modules/react/cjs/react.development.js:884:10)
      at node_modules/@testing-library/react/dist/act-compat.js:47:25
      at renderRoot (node_modules/@testing-library/react/dist/pure.js:190:26)
      at render (node_modules/@testing-library/react/dist/pure.js:292:10)
      at Object.<anonymous> (src/components/Table/TableRow/TableRow.test.tsx:5:9)

PASS src/components/Table/TableCell/TableCell.test.tsx
  √ renders TableCell (83 ms)

PASS src/components/Table/TableRow/TableRow.test.tsx
  √ renders TableRow (91 ms)

Test Suites: 2 failed, 12 passed, 14 total
Tests:       7 failed, 21 passed, 28 total
Snapshots:   0 total
Time:        7.473 s
Ran all test suites.
